// Jest Snapshot v1, https://goo.gl/fbAQLP

exports[`Project Configuration section show section that do not have any items 1`] = `"<div class=\\"configuration-section\\" data-testid=\\"configuration-section\\"><header class=\\"configuration-section__header\\" data-testid=\\"configuration-section-header\\">description</header><section class=\\"configuration-section__cell-container\\"></section></div>"`;

exports[`Project Configuration section show section that have some items 1`] = `"<div class=\\"configuration-section\\" data-testid=\\"configuration-section\\"><header class=\\"configuration-section__header\\" data-testid=\\"configuration-section-header\\">description</header><section class=\\"configuration-section__cell-container\\"><div class=\\"configuration-cell__root\\" data-testid=\\"configuration-text-cell-root\\"><label class=\\"configuration-cell__label\\">item1</label><input class=\\"configuration-cell__text-input\\" data-testid=\\"configuration-text-cell-input\\" type=\\"text\\" value /><p class=\\"configuration-cell__description\\">description1</p></div><div class=\\"configuration-cell__root\\" data-testid=\\"configuration-number-cell-root\\"><label class=\\"configuration-cell__label\\">item2</label><input class=\\"configuration-cell__number-input\\" data-testid=\\"configuration-number-cell-input\\" type=\\"number\\" value=\\"10\\" /><p class=\\"configuration-cell__description\\">description2</p></div></section></div>"`;
