// Jest Snapshot v1, https://goo.gl/fbAQLP

exports[`Project Configuration navigator show empty categories 1`] = `"<section class=\\"configuration-navigator\\"></section>"`;
