// Jest Snapshot v1, https://goo.gl/fbAQLP

exports[`Project Scroll Bar render for window 1`] = `"<div class=\\"scroll-bar__root\\" data-testid=\\"scrollBar-root\\"><div class=\\"scroll-bar__bar\\" data-testid=\\"scrollBar-bar\\" style=\\"top: 100%; height: 70%;\\"></div></div>"`;
