// Jest Snapshot v1, https://goo.gl/fbAQLP

exports[`UI kit Modal render with empty nodes 1`] = `null`;
