// Jest Snapshot v1, https://goo.gl/fbAQLP

exports[`Project Node Item Timestamp slot should show formatted timestamp 1`] = `
<span
  className="timestamp"
>
  2019/02/28
</span>
`;
